[0.242s] DEBUG:colcon:Command line arguments: ['/usr/bin/colcon', 'build', '--symlink-install']
[0.242s] DEBUG:colcon:Parsed command line arguments: Namespace(log_base=None, log_level=None, verb_name='build', build_base='build', install_base='install', merge_install=False, symlink_install=True, test_result_base=None, continue_on_error=False, executor='parallel', parallel_workers=12, event_handlers=None, ignore_user_meta=False, metas=['./colcon.meta'], base_paths=['.'], packages_ignore=None, packages_ignore_regex=None, paths=None, packages_up_to=None, packages_up_to_regex=None, packages_above=None, packages_above_and_dependencies=None, packages_above_depth=None, packages_select_by_dep=None, packages_skip_by_dep=None, packages_skip_up_to=None, packages_select_build_failed=False, packages_skip_build_finished=False, packages_select_test_failures=False, packages_skip_test_passed=False, packages_select=None, packages_skip=None, packages_select_regex=None, packages_skip_regex=None, packages_start=None, packages_end=None, allow_overriding=[], cmake_args=None, cmake_target=None, cmake_target_skip_unavailable=False, cmake_clean_cache=False, cmake_clean_first=False, cmake_force_configure=False, ament_cmake_args=None, catkin_cmake_args=None, catkin_skip_building_tests=False, verb_parser=<colcon_defaults.argument_parser.defaults.DefaultArgumentsDecorator object at 0x74c125d728c0>, verb_extension=<colcon_core.verb.build.BuildVerb object at 0x74c125d72470>, main=<bound method BuildVerb.main of <colcon_core.verb.build.BuildVerb object at 0x74c125d72470>>)
[0.329s] Level 1:colcon.colcon_core.package_discovery:discover_packages(colcon_meta) check parameters
[0.329s] Level 1:colcon.colcon_core.package_discovery:discover_packages(recursive) check parameters
[0.329s] Level 1:colcon.colcon_core.package_discovery:discover_packages(ignore) check parameters
[0.329s] Level 1:colcon.colcon_core.package_discovery:discover_packages(path) check parameters
[0.329s] Level 1:colcon.colcon_core.package_discovery:discover_packages(colcon_meta) discover
[0.330s] Level 1:colcon.colcon_core.package_discovery:discover_packages(recursive) discover
[0.330s] INFO:colcon.colcon_core.package_discovery:Crawling recursively for packages in '/home/metasebiya/autonomous_vehicle_ws'
[0.330s] Level 1:colcon.colcon_core.package_identification:_identify(.) by extensions ['ignore', 'ignore_ament_install']
[0.330s] Level 1:colcon.colcon_core.package_identification:_identify(.) by extension 'ignore'
[0.330s] Level 1:colcon.colcon_core.package_identification:_identify(.) by extension 'ignore_ament_install'
[0.330s] Level 1:colcon.colcon_core.package_identification:_identify(.) by extensions ['colcon_pkg']
[0.330s] Level 1:colcon.colcon_core.package_identification:_identify(.) by extension 'colcon_pkg'
[0.330s] Level 1:colcon.colcon_core.package_identification:_identify(.) by extensions ['colcon_meta']
[0.331s] Level 1:colcon.colcon_core.package_identification:_identify(.) by extension 'colcon_meta'
[0.331s] Level 1:colcon.colcon_core.package_identification:_identify(.) by extensions ['ros']
[0.331s] Level 1:colcon.colcon_core.package_identification:_identify(.) by extension 'ros'
[0.360s] Level 1:colcon.colcon_core.package_identification:_identify(.) by extensions ['cmake', 'python']
[0.360s] Level 1:colcon.colcon_core.package_identification:_identify(.) by extension 'cmake'
[0.360s] Level 1:colcon.colcon_core.package_identification:_identify(.) by extension 'python'
[0.360s] Level 1:colcon.colcon_core.package_identification:_identify(.) by extensions ['python_setup_py']
[0.360s] Level 1:colcon.colcon_core.package_identification:_identify(.) by extension 'python_setup_py'
[0.361s] Level 1:colcon.colcon_core.package_identification:_identify(build) by extensions ['ignore', 'ignore_ament_install']
[0.361s] Level 1:colcon.colcon_core.package_identification:_identify(build) by extension 'ignore'
[0.361s] Level 1:colcon.colcon_core.package_identification:_identify(build) ignored
[0.361s] Level 1:colcon.colcon_core.package_identification:_identify(install) by extensions ['ignore', 'ignore_ament_install']
[0.361s] Level 1:colcon.colcon_core.package_identification:_identify(install) by extension 'ignore'
[0.362s] Level 1:colcon.colcon_core.package_identification:_identify(install) ignored
[0.362s] Level 1:colcon.colcon_core.package_identification:_identify(log) by extensions ['ignore', 'ignore_ament_install']
[0.362s] Level 1:colcon.colcon_core.package_identification:_identify(log) by extension 'ignore'
[0.362s] Level 1:colcon.colcon_core.package_identification:_identify(log) ignored
[0.362s] Level 1:colcon.colcon_core.package_identification:_identify(src) by extensions ['ignore', 'ignore_ament_install']
[0.362s] Level 1:colcon.colcon_core.package_identification:_identify(src) by extension 'ignore'
[0.362s] Level 1:colcon.colcon_core.package_identification:_identify(src) by extension 'ignore_ament_install'
[0.363s] Level 1:colcon.colcon_core.package_identification:_identify(src) by extensions ['colcon_pkg']
[0.363s] Level 1:colcon.colcon_core.package_identification:_identify(src) by extension 'colcon_pkg'
[0.363s] Level 1:colcon.colcon_core.package_identification:_identify(src) by extensions ['colcon_meta']
[0.363s] Level 1:colcon.colcon_core.package_identification:_identify(src) by extension 'colcon_meta'
[0.363s] Level 1:colcon.colcon_core.package_identification:_identify(src) by extensions ['ros']
[0.363s] Level 1:colcon.colcon_core.package_identification:_identify(src) by extension 'ros'
[0.363s] Level 1:colcon.colcon_core.package_identification:_identify(src) by extensions ['cmake', 'python']
[0.363s] Level 1:colcon.colcon_core.package_identification:_identify(src) by extension 'cmake'
[0.363s] Level 1:colcon.colcon_core.package_identification:_identify(src) by extension 'python'
[0.363s] Level 1:colcon.colcon_core.package_identification:_identify(src) by extensions ['python_setup_py']
[0.363s] Level 1:colcon.colcon_core.package_identification:_identify(src) by extension 'python_setup_py'
[0.364s] Level 1:colcon.colcon_core.package_identification:_identify(src/autonomous_vehicle) by extensions ['ignore', 'ignore_ament_install']
[0.364s] Level 1:colcon.colcon_core.package_identification:_identify(src/autonomous_vehicle) by extension 'ignore'
[0.364s] Level 1:colcon.colcon_core.package_identification:_identify(src/autonomous_vehicle) by extension 'ignore_ament_install'
[0.364s] Level 1:colcon.colcon_core.package_identification:_identify(src/autonomous_vehicle) by extensions ['colcon_pkg']
[0.364s] Level 1:colcon.colcon_core.package_identification:_identify(src/autonomous_vehicle) by extension 'colcon_pkg'
[0.364s] Level 1:colcon.colcon_core.package_identification:_identify(src/autonomous_vehicle) by extensions ['colcon_meta']
[0.364s] Level 1:colcon.colcon_core.package_identification:_identify(src/autonomous_vehicle) by extension 'colcon_meta'
[0.364s] Level 1:colcon.colcon_core.package_identification:_identify(src/autonomous_vehicle) by extensions ['ros']
[0.364s] Level 1:colcon.colcon_core.package_identification:_identify(src/autonomous_vehicle) by extension 'ros'
[0.371s] DEBUG:colcon.colcon_core.package_identification:Package 'src/autonomous_vehicle' with type 'ros.ament_python' and name 'autonomous_vehicle'
[0.372s] Level 1:colcon.colcon_core.package_discovery:discover_packages(recursive) using defaults
[0.372s] Level 1:colcon.colcon_core.package_discovery:discover_packages(ignore) discover
[0.372s] Level 1:colcon.colcon_core.package_discovery:discover_packages(ignore) using defaults
[0.372s] Level 1:colcon.colcon_core.package_discovery:discover_packages(path) discover
[0.372s] Level 1:colcon.colcon_core.package_discovery:discover_packages(path) using defaults
[0.420s] Level 1:colcon.colcon_core.package_discovery:discover_packages(prefix_path) check parameters
[0.420s] Level 1:colcon.colcon_core.package_discovery:discover_packages(prefix_path) discover
[0.428s] DEBUG:colcon.colcon_installed_package_information.package_discovery:Found 365 installed packages in /opt/ros/humble
[0.432s] Level 1:colcon.colcon_core.package_discovery:discover_packages(prefix_path) using defaults
[0.529s] Level 5:colcon.colcon_core.verb:set package 'autonomous_vehicle' build argument 'cmake_args' from command line to 'None'
[0.529s] Level 5:colcon.colcon_core.verb:set package 'autonomous_vehicle' build argument 'cmake_target' from command line to 'None'
[0.529s] Level 5:colcon.colcon_core.verb:set package 'autonomous_vehicle' build argument 'cmake_target_skip_unavailable' from command line to 'False'
[0.529s] Level 5:colcon.colcon_core.verb:set package 'autonomous_vehicle' build argument 'cmake_clean_cache' from command line to 'False'
[0.529s] Level 5:colcon.colcon_core.verb:set package 'autonomous_vehicle' build argument 'cmake_clean_first' from command line to 'False'
[0.529s] Level 5:colcon.colcon_core.verb:set package 'autonomous_vehicle' build argument 'cmake_force_configure' from command line to 'False'
[0.530s] Level 5:colcon.colcon_core.verb:set package 'autonomous_vehicle' build argument 'ament_cmake_args' from command line to 'None'
[0.530s] Level 5:colcon.colcon_core.verb:set package 'autonomous_vehicle' build argument 'catkin_cmake_args' from command line to 'None'
[0.530s] Level 5:colcon.colcon_core.verb:set package 'autonomous_vehicle' build argument 'catkin_skip_building_tests' from command line to 'False'
[0.530s] DEBUG:colcon.colcon_core.verb:Building package 'autonomous_vehicle' with the following arguments: {'ament_cmake_args': None, 'build_base': '/home/metasebiya/autonomous_vehicle_ws/build/autonomous_vehicle', 'catkin_cmake_args': None, 'catkin_skip_building_tests': False, 'cmake_args': None, 'cmake_clean_cache': False, 'cmake_clean_first': False, 'cmake_force_configure': False, 'cmake_target': None, 'cmake_target_skip_unavailable': False, 'install_base': '/home/metasebiya/autonomous_vehicle_ws/install/autonomous_vehicle', 'merge_install': False, 'path': '/home/metasebiya/autonomous_vehicle_ws/src/autonomous_vehicle', 'symlink_install': True, 'test_result_base': None}
[0.530s] INFO:colcon.colcon_core.executor:Executing jobs using 'parallel' executor
[0.532s] DEBUG:colcon.colcon_parallel_executor.executor.parallel:run_until_complete
[0.533s] INFO:colcon.colcon_ros.task.ament_python.build:Building ROS package in '/home/metasebiya/autonomous_vehicle_ws/src/autonomous_vehicle' with build type 'ament_python'
[0.534s] Level 1:colcon.colcon_core.shell:create_environment_hook('autonomous_vehicle', 'ament_prefix_path')
[0.538s] INFO:colcon.colcon_core.plugin_system:Skipping extension 'colcon_core.shell.bat': Not used on non-Windows systems
[0.539s] INFO:colcon.colcon_core.shell:Creating environment hook '/home/metasebiya/autonomous_vehicle_ws/install/autonomous_vehicle/share/autonomous_vehicle/hook/ament_prefix_path.ps1'
[0.540s] INFO:colcon.colcon_core.shell:Creating environment descriptor '/home/metasebiya/autonomous_vehicle_ws/install/autonomous_vehicle/share/autonomous_vehicle/hook/ament_prefix_path.dsv'
[0.541s] INFO:colcon.colcon_core.shell:Creating environment hook '/home/metasebiya/autonomous_vehicle_ws/install/autonomous_vehicle/share/autonomous_vehicle/hook/ament_prefix_path.sh'
[0.543s] INFO:colcon.colcon_core.shell:Skip shell extension 'powershell' for command environment: Not usable outside of PowerShell
[0.543s] DEBUG:colcon.colcon_core.shell:Skip shell extension 'dsv' for command environment
[1.096s] INFO:colcon.colcon_core.task.python.build:Building Python package in '/home/metasebiya/autonomous_vehicle_ws/src/autonomous_vehicle'
[1.097s] INFO:colcon.colcon_core.shell:Skip shell extension 'powershell' for command environment: Not usable outside of PowerShell
[1.097s] DEBUG:colcon.colcon_core.shell:Skip shell extension 'dsv' for command environment
[2.848s] DEBUG:colcon.colcon_core.event_handler.log_command:Invoking command in '/home/metasebiya/autonomous_vehicle_ws/build/autonomous_vehicle': PYTHONPATH=/home/metasebiya/autonomous_vehicle_ws/build/autonomous_vehicle/prefix_override:/usr/lib/python3/dist-packages/colcon_core/task/python/colcon_distutils_commands:/home/metasebiya/autonomous_vehicle_ws/install/autonomous_vehicle/lib/python3.10/site-packages:${PYTHONPATH} /usr/bin/python3 -W ignore:setup.py install is deprecated -W ignore:easy_install command is deprecated setup.py develop --editable --build-directory /home/metasebiya/autonomous_vehicle_ws/build/autonomous_vehicle/build --no-deps symlink_data
[4.937s] Level 1:colcon.colcon_core.shell:create_environment_hook('autonomous_vehicle', 'pythonpath_develop')
[4.940s] INFO:colcon.colcon_core.shell:Creating environment hook '/home/metasebiya/autonomous_vehicle_ws/build/autonomous_vehicle/share/autonomous_vehicle/hook/pythonpath_develop.ps1'
[4.942s] DEBUG:colcon.colcon_core.event_handler.log_command:Invoked command in '/home/metasebiya/autonomous_vehicle_ws/build/autonomous_vehicle' returned '0': PYTHONPATH=/home/metasebiya/autonomous_vehicle_ws/build/autonomous_vehicle/prefix_override:/usr/lib/python3/dist-packages/colcon_core/task/python/colcon_distutils_commands:/home/metasebiya/autonomous_vehicle_ws/install/autonomous_vehicle/lib/python3.10/site-packages:${PYTHONPATH} /usr/bin/python3 -W ignore:setup.py install is deprecated -W ignore:easy_install command is deprecated setup.py develop --editable --build-directory /home/metasebiya/autonomous_vehicle_ws/build/autonomous_vehicle/build --no-deps symlink_data
[4.943s] INFO:colcon.colcon_core.shell:Creating environment descriptor '/home/metasebiya/autonomous_vehicle_ws/build/autonomous_vehicle/share/autonomous_vehicle/hook/pythonpath_develop.dsv'
[4.945s] INFO:colcon.colcon_core.shell:Creating environment hook '/home/metasebiya/autonomous_vehicle_ws/build/autonomous_vehicle/share/autonomous_vehicle/hook/pythonpath_develop.sh'
[4.953s] Level 1:colcon.colcon_core.environment:checking '/home/metasebiya/autonomous_vehicle_ws/install/autonomous_vehicle' for CMake module files
[4.956s] Level 1:colcon.colcon_core.environment:checking '/home/metasebiya/autonomous_vehicle_ws/install/autonomous_vehicle' for CMake config files
[4.958s] Level 1:colcon.colcon_core.environment:checking '/home/metasebiya/autonomous_vehicle_ws/install/autonomous_vehicle/lib'
[4.959s] Level 1:colcon.colcon_core.environment:checking '/home/metasebiya/autonomous_vehicle_ws/install/autonomous_vehicle/bin'
[4.959s] Level 1:colcon.colcon_core.environment:checking '/home/metasebiya/autonomous_vehicle_ws/install/autonomous_vehicle/lib/pkgconfig/autonomous_vehicle.pc'
[4.960s] Level 1:colcon.colcon_core.environment:checking '/home/metasebiya/autonomous_vehicle_ws/install/autonomous_vehicle/lib/python3.10/site-packages'
[4.960s] Level 1:colcon.colcon_core.shell:create_environment_hook('autonomous_vehicle', 'pythonpath')
[4.961s] INFO:colcon.colcon_core.shell:Creating environment hook '/home/metasebiya/autonomous_vehicle_ws/install/autonomous_vehicle/share/autonomous_vehicle/hook/pythonpath.ps1'
[4.963s] INFO:colcon.colcon_core.shell:Creating environment descriptor '/home/metasebiya/autonomous_vehicle_ws/install/autonomous_vehicle/share/autonomous_vehicle/hook/pythonpath.dsv'
[4.965s] INFO:colcon.colcon_core.shell:Creating environment hook '/home/metasebiya/autonomous_vehicle_ws/install/autonomous_vehicle/share/autonomous_vehicle/hook/pythonpath.sh'
[4.968s] Level 1:colcon.colcon_core.environment:checking '/home/metasebiya/autonomous_vehicle_ws/install/autonomous_vehicle/bin'
[4.968s] Level 1:colcon.colcon_core.environment:create_environment_scripts_only(autonomous_vehicle)
[4.969s] INFO:colcon.colcon_core.shell:Creating package script '/home/metasebiya/autonomous_vehicle_ws/install/autonomous_vehicle/share/autonomous_vehicle/package.ps1'
[4.972s] INFO:colcon.colcon_core.shell:Creating package descriptor '/home/metasebiya/autonomous_vehicle_ws/install/autonomous_vehicle/share/autonomous_vehicle/package.dsv'
[4.974s] INFO:colcon.colcon_core.shell:Creating package script '/home/metasebiya/autonomous_vehicle_ws/install/autonomous_vehicle/share/autonomous_vehicle/package.sh'
[4.978s] INFO:colcon.colcon_core.shell:Creating package script '/home/metasebiya/autonomous_vehicle_ws/install/autonomous_vehicle/share/autonomous_vehicle/package.bash'
[4.980s] INFO:colcon.colcon_core.shell:Creating package script '/home/metasebiya/autonomous_vehicle_ws/install/autonomous_vehicle/share/autonomous_vehicle/package.zsh'
[4.984s] Level 1:colcon.colcon_core.environment:create_file_with_runtime_dependencies(/home/metasebiya/autonomous_vehicle_ws/install/autonomous_vehicle/share/colcon-core/packages/autonomous_vehicle)
[4.985s] DEBUG:colcon.colcon_parallel_executor.executor.parallel:closing loop
[4.985s] DEBUG:colcon.colcon_parallel_executor.executor.parallel:loop closed
[4.985s] DEBUG:colcon.colcon_parallel_executor.executor.parallel:run_until_complete finished with '0'
[4.985s] DEBUG:colcon.colcon_core.event_reactor:joining thread
[4.999s] INFO:colcon.colcon_core.plugin_system:Skipping extension 'colcon_notification.desktop_notification.terminal_notifier': Not used on non-Darwin systems
[5.000s] INFO:colcon.colcon_core.plugin_system:Skipping extension 'colcon_notification.desktop_notification.win32': Not used on non-Windows systems
[5.000s] INFO:colcon.colcon_notification.desktop_notification:Sending desktop notification using 'notify2'
[5.036s] DEBUG:colcon.colcon_core.event_reactor:joined thread
[5.037s] INFO:colcon.colcon_core.shell:Creating prefix script '/home/metasebiya/autonomous_vehicle_ws/install/local_setup.ps1'
[5.039s] INFO:colcon.colcon_core.shell:Creating prefix util module '/home/metasebiya/autonomous_vehicle_ws/install/_local_setup_util_ps1.py'
[5.043s] INFO:colcon.colcon_core.shell:Creating prefix chain script '/home/metasebiya/autonomous_vehicle_ws/install/setup.ps1'
[5.047s] INFO:colcon.colcon_core.shell:Creating prefix script '/home/metasebiya/autonomous_vehicle_ws/install/local_setup.sh'
[5.049s] INFO:colcon.colcon_core.shell:Creating prefix util module '/home/metasebiya/autonomous_vehicle_ws/install/_local_setup_util_sh.py'
[5.051s] INFO:colcon.colcon_core.shell:Creating prefix chain script '/home/metasebiya/autonomous_vehicle_ws/install/setup.sh'
[5.054s] INFO:colcon.colcon_core.shell:Creating prefix script '/home/metasebiya/autonomous_vehicle_ws/install/local_setup.bash'
[5.055s] INFO:colcon.colcon_core.shell:Creating prefix chain script '/home/metasebiya/autonomous_vehicle_ws/install/setup.bash'
[5.058s] INFO:colcon.colcon_core.shell:Creating prefix script '/home/metasebiya/autonomous_vehicle_ws/install/local_setup.zsh'
[5.060s] INFO:colcon.colcon_core.shell:Creating prefix chain script '/home/metasebiya/autonomous_vehicle_ws/install/setup.zsh'
