[0.692s] Invoking command in '/home/metasebiya/autonomous_vehicle_ws/build/autonomous_vehicle': PYTHONPATH=/home/metasebiya/autonomous_vehicle_ws/build/autonomous_vehicle/prefix_override:/usr/lib/python3/dist-packages/colcon_core/task/python/colcon_distutils_commands:/home/metasebiya/autonomous_vehicle_ws/install/autonomous_vehicle/lib/python3.10/site-packages:${PYTHONPATH} /usr/bin/python3 -W ignore:setup.py install is deprecated -W ignore:easy_install command is deprecated setup.py develop --editable --build-directory /home/metasebiya/autonomous_vehicle_ws/build/autonomous_vehicle/build --no-deps symlink_data
[0.963s] running develop
[1.127s] running egg_info
[1.127s] creating autonomous_vehicle.egg-info
[1.150s] writing autonomous_vehicle.egg-info/PKG-INFO
[1.151s] writing dependency_links to autonomous_vehicle.egg-info/dependency_links.txt
[1.151s] writing entry points to autonomous_vehicle.egg-info/entry_points.txt
[1.151s] writing requirements to autonomous_vehicle.egg-info/requires.txt
[1.151s] writing top-level names to autonomous_vehicle.egg-info/top_level.txt
[1.151s] writing manifest file 'autonomous_vehicle.egg-info/SOURCES.txt'
[1.200s] reading manifest file 'autonomous_vehicle.egg-info/SOURCES.txt'
[1.201s] writing manifest file 'autonomous_vehicle.egg-info/SOURCES.txt'
[1.268s] running build_ext
[1.268s] Creating /home/metasebiya/autonomous_vehicle_ws/install/autonomous_vehicle/lib/python3.10/site-packages/autonomous-vehicle.egg-link (link to .)
[1.269s] Installing path_planning script to /home/metasebiya/autonomous_vehicle_ws/install/autonomous_vehicle/lib/autonomous_vehicle
[1.269s] Installing rcnn_localization script to /home/metasebiya/autonomous_vehicle_ws/install/autonomous_vehicle/lib/autonomous_vehicle
[1.269s] Installing sensor_fusion script to /home/metasebiya/autonomous_vehicle_ws/install/autonomous_vehicle/lib/autonomous_vehicle
[1.269s] Installing simple_control script to /home/metasebiya/autonomous_vehicle_ws/install/autonomous_vehicle/lib/autonomous_vehicle
[1.269s] 
[1.269s] Installed /home/metasebiya/autonomous_vehicle_ws/build/autonomous_vehicle
[1.269s] running symlink_data
[1.269s] creating /home/metasebiya/autonomous_vehicle_ws/install/autonomous_vehicle/share/ament_index
[1.269s] creating /home/metasebiya/autonomous_vehicle_ws/install/autonomous_vehicle/share/ament_index/resource_index
[1.270s] creating /home/metasebiya/autonomous_vehicle_ws/install/autonomous_vehicle/share/ament_index/resource_index/packages
[1.270s] symbolically linking /home/metasebiya/autonomous_vehicle_ws/build/autonomous_vehicle/resource/autonomous_vehicle -> /home/metasebiya/autonomous_vehicle_ws/install/autonomous_vehicle/share/ament_index/resource_index/packages
[1.270s] symbolically linking /home/metasebiya/autonomous_vehicle_ws/build/autonomous_vehicle/package.xml -> /home/metasebiya/autonomous_vehicle_ws/install/autonomous_vehicle/share/autonomous_vehicle
[1.270s] creating /home/metasebiya/autonomous_vehicle_ws/install/autonomous_vehicle/share/autonomous_vehicle/launch
[1.270s] symbolically linking /home/metasebiya/autonomous_vehicle_ws/build/autonomous_vehicle/launch/autonomous_vehicle_launch.py -> /home/metasebiya/autonomous_vehicle_ws/install/autonomous_vehicle/share/autonomous_vehicle/launch
[1.270s] creating /home/metasebiya/autonomous_vehicle_ws/install/autonomous_vehicle/share/autonomous_vehicle/worlds
[1.270s] symbolically linking /home/metasebiya/autonomous_vehicle_ws/build/autonomous_vehicle/worlds/simple_world.sdf -> /home/metasebiya/autonomous_vehicle_ws/install/autonomous_vehicle/share/autonomous_vehicle/worlds
[1.301s] Invoked command in '/home/metasebiya/autonomous_vehicle_ws/build/autonomous_vehicle' returned '0': PYTHONPATH=/home/metasebiya/autonomous_vehicle_ws/build/autonomous_vehicle/prefix_override:/usr/lib/python3/dist-packages/colcon_core/task/python/colcon_distutils_commands:/home/metasebiya/autonomous_vehicle_ws/install/autonomous_vehicle/lib/python3.10/site-packages:${PYTHONPATH} /usr/bin/python3 -W ignore:setup.py install is deprecated -W ignore:easy_install command is deprecated setup.py develop --editable --build-directory /home/metasebiya/autonomous_vehicle_ws/build/autonomous_vehicle/build --no-deps symlink_data
