[1.320s] Invoking command in '/home/metasebiya/autonomous_vehicle_ws/build/autonomous_vehicle': PYTHONPATH=/home/metasebiya/autonomous_vehicle_ws/build/autonomous_vehicle/prefix_override:/usr/lib/python3/dist-packages/colcon_core/task/python/colcon_distutils_commands:/home/metasebiya/autonomous_vehicle_ws/install/autonomous_vehicle/lib/python3.10/site-packages:${PYTHONPATH} /usr/bin/python3 -W ignore:setup.py install is deprecated -W ignore:easy_install command is deprecated setup.py develop --editable --build-directory /home/metasebiya/autonomous_vehicle_ws/build/autonomous_vehicle/build --no-deps symlink_data
[1.609s] running develop
[1.787s] running egg_info
[1.801s] writing autonomous_vehicle.egg-info/PKG-INFO
[1.801s] writing dependency_links to autonomous_vehicle.egg-info/dependency_links.txt
[1.801s] writing entry points to autonomous_vehicle.egg-info/entry_points.txt
[1.801s] writing requirements to autonomous_vehicle.egg-info/requires.txt
[1.801s] writing top-level names to autonomous_vehicle.egg-info/top_level.txt
[1.837s] reading manifest file 'autonomous_vehicle.egg-info/SOURCES.txt'
[1.839s] writing manifest file 'autonomous_vehicle.egg-info/SOURCES.txt'
[1.889s] running build_ext
[1.890s] Creating /home/metasebiya/autonomous_vehicle_ws/install/autonomous_vehicle/lib/python3.10/site-packages/autonomous-vehicle.egg-link (link to .)
[1.890s] Installing path_planning script to /home/metasebiya/autonomous_vehicle_ws/install/autonomous_vehicle/lib/autonomous_vehicle
[1.890s] Installing rcnn_localization script to /home/metasebiya/autonomous_vehicle_ws/install/autonomous_vehicle/lib/autonomous_vehicle
[1.890s] Installing sensor_fusion script to /home/metasebiya/autonomous_vehicle_ws/install/autonomous_vehicle/lib/autonomous_vehicle
[1.891s] Installing simple_control script to /home/metasebiya/autonomous_vehicle_ws/install/autonomous_vehicle/lib/autonomous_vehicle
[1.891s] 
[1.891s] Installed /home/metasebiya/autonomous_vehicle_ws/build/autonomous_vehicle
[1.891s] running symlink_data
[1.935s] Invoked command in '/home/metasebiya/autonomous_vehicle_ws/build/autonomous_vehicle' returned '0': PYTHONPATH=/home/metasebiya/autonomous_vehicle_ws/build/autonomous_vehicle/prefix_override:/usr/lib/python3/dist-packages/colcon_core/task/python/colcon_distutils_commands:/home/metasebiya/autonomous_vehicle_ws/install/autonomous_vehicle/lib/python3.10/site-packages:${PYTHONPATH} /usr/bin/python3 -W ignore:setup.py install is deprecated -W ignore:easy_install command is deprecated setup.py develop --editable --build-directory /home/metasebiya/autonomous_vehicle_ws/build/autonomous_vehicle/build --no-deps symlink_data
