[0.755s] Invoking command in '/home/metasebiya/autonomous_vehicle_ws/build/autonomous_vehicle': PS1=\[\e]0;\u@\h: \w\a\]${debian_chroot:+($debian_chroot)}\[\033[01;32m\]\u@\h\[\033[00m\]:\[\033[01;34m\]\w\[\033[00m\]\$ PYTHONPATH=/home/metasebiya/autonomous_vehicle_ws/build/autonomous_vehicle/prefix_override:/usr/lib/python3/dist-packages/colcon_core/task/python/colcon_distutils_commands:/home/metasebiya/autonomous_vehicle_ws/install/autonomous_vehicle/lib/python3.10/site-packages:${PYTHONPATH} /usr/bin/python3 -W ignore:setup.py install is deprecated -W ignore:easy_install command is deprecated setup.py develop --editable --build-directory /home/metasebiya/autonomous_vehicle_ws/build/autonomous_vehicle/build --no-deps symlink_data
[0.967s] running develop
[1.102s] running egg_info
[1.113s] writing autonomous_vehicle.egg-info/PKG-INFO
[1.114s] writing dependency_links to autonomous_vehicle.egg-info/dependency_links.txt
[1.114s] writing entry points to autonomous_vehicle.egg-info/entry_points.txt
[1.114s] writing requirements to autonomous_vehicle.egg-info/requires.txt
[1.114s] writing top-level names to autonomous_vehicle.egg-info/top_level.txt
[1.159s] reading manifest file 'autonomous_vehicle.egg-info/SOURCES.txt'
[1.159s] writing manifest file 'autonomous_vehicle.egg-info/SOURCES.txt'
[1.203s] running build_ext
[1.204s] Creating /home/metasebiya/autonomous_vehicle_ws/install/autonomous_vehicle/lib/python3.10/site-packages/autonomous-vehicle.egg-link (link to .)
[1.204s] Installing path_planning script to /home/metasebiya/autonomous_vehicle_ws/install/autonomous_vehicle/lib/autonomous_vehicle
[1.205s] Installing rcnn_localization script to /home/metasebiya/autonomous_vehicle_ws/install/autonomous_vehicle/lib/autonomous_vehicle
[1.205s] Installing sensor_fusion script to /home/metasebiya/autonomous_vehicle_ws/install/autonomous_vehicle/lib/autonomous_vehicle
[1.205s] Installing simple_control script to /home/metasebiya/autonomous_vehicle_ws/install/autonomous_vehicle/lib/autonomous_vehicle
[1.206s] 
[1.206s] Installed /home/metasebiya/autonomous_vehicle_ws/build/autonomous_vehicle
[1.206s] running symlink_data
[1.238s] Invoked command in '/home/metasebiya/autonomous_vehicle_ws/build/autonomous_vehicle' returned '0': PS1=\[\e]0;\u@\h: \w\a\]${debian_chroot:+($debian_chroot)}\[\033[01;32m\]\u@\h\[\033[00m\]:\[\033[01;34m\]\w\[\033[00m\]\$ PYTHONPATH=/home/metasebiya/autonomous_vehicle_ws/build/autonomous_vehicle/prefix_override:/usr/lib/python3/dist-packages/colcon_core/task/python/colcon_distutils_commands:/home/metasebiya/autonomous_vehicle_ws/install/autonomous_vehicle/lib/python3.10/site-packages:${PYTHONPATH} /usr/bin/python3 -W ignore:setup.py install is deprecated -W ignore:easy_install command is deprecated setup.py develop --editable --build-directory /home/metasebiya/autonomous_vehicle_ws/build/autonomous_vehicle/build --no-deps symlink_data
