[0.739s] Invoking command in '/home/metasebiya/autonomous_vehicle_ws/build/autonomous_vehicle': PYTHONPATH=/home/metasebiya/autonomous_vehicle_ws/build/autonomous_vehicle/prefix_override:/usr/lib/python3/dist-packages/colcon_core/task/python/colcon_distutils_commands:/home/metasebiya/autonomous_vehicle_ws/install/autonomous_vehicle/lib/python3.10/site-packages:${PYTHONPATH} /usr/bin/python3 -W ignore:setup.py install is deprecated -W ignore:easy_install command is deprecated setup.py develop --editable --build-directory /home/metasebiya/autonomous_vehicle_ws/build/autonomous_vehicle/build --no-deps symlink_data
[1.054s] running develop
[1.196s] running egg_info
[1.205s] writing autonomous_vehicle.egg-info/PKG-INFO
[1.205s] writing dependency_links to autonomous_vehicle.egg-info/dependency_links.txt
[1.205s] writing entry points to autonomous_vehicle.egg-info/entry_points.txt
[1.206s] writing requirements to autonomous_vehicle.egg-info/requires.txt
[1.206s] writing top-level names to autonomous_vehicle.egg-info/top_level.txt
[1.228s] reading manifest file 'autonomous_vehicle.egg-info/SOURCES.txt'
[1.229s] writing manifest file 'autonomous_vehicle.egg-info/SOURCES.txt'
[1.272s] running build_ext
[1.272s] Creating /home/metasebiya/autonomous_vehicle_ws/install/autonomous_vehicle/lib/python3.10/site-packages/autonomous-vehicle.egg-link (link to .)
[1.273s] Installing path_planning script to /home/metasebiya/autonomous_vehicle_ws/install/autonomous_vehicle/lib/autonomous_vehicle
[1.273s] Installing rcnn_localization script to /home/metasebiya/autonomous_vehicle_ws/install/autonomous_vehicle/lib/autonomous_vehicle
[1.273s] Installing sensor_fusion script to /home/metasebiya/autonomous_vehicle_ws/install/autonomous_vehicle/lib/autonomous_vehicle
[1.273s] Installing simple_control script to /home/metasebiya/autonomous_vehicle_ws/install/autonomous_vehicle/lib/autonomous_vehicle
[1.273s] 
[1.273s] Installed /home/metasebiya/autonomous_vehicle_ws/build/autonomous_vehicle
[1.273s] running symlink_data
[1.303s] Invoked command in '/home/metasebiya/autonomous_vehicle_ws/build/autonomous_vehicle' returned '0': PYTHONPATH=/home/metasebiya/autonomous_vehicle_ws/build/autonomous_vehicle/prefix_override:/usr/lib/python3/dist-packages/colcon_core/task/python/colcon_distutils_commands:/home/metasebiya/autonomous_vehicle_ws/install/autonomous_vehicle/lib/python3.10/site-packages:${PYTHONPATH} /usr/bin/python3 -W ignore:setup.py install is deprecated -W ignore:easy_install command is deprecated setup.py develop --editable --build-directory /home/metasebiya/autonomous_vehicle_ws/build/autonomous_vehicle/build --no-deps symlink_data
