[2.311s] Invoking command in '/home/metasebiya/autonomous_vehicle_ws/build/autonomous_vehicle': PYTHONPATH=/home/metasebiya/autonomous_vehicle_ws/build/autonomous_vehicle/prefix_override:/usr/lib/python3/dist-packages/colcon_core/task/python/colcon_distutils_commands:/home/metasebiya/autonomous_vehicle_ws/install/autonomous_vehicle/lib/python3.10/site-packages:${PYTHONPATH} /usr/bin/python3 -W ignore:setup.py install is deprecated -W ignore:easy_install command is deprecated setup.py develop --editable --build-directory /home/metasebiya/autonomous_vehicle_ws/build/autonomous_vehicle/build --no-deps symlink_data
[3.224s] running develop
[3.859s] running egg_info
[3.910s] writing autonomous_vehicle.egg-info/PKG-INFO
[3.910s] writing dependency_links to autonomous_vehicle.egg-info/dependency_links.txt
[3.912s] writing entry points to autonomous_vehicle.egg-info/entry_points.txt
[3.912s] writing requirements to autonomous_vehicle.egg-info/requires.txt
[3.912s] writing top-level names to autonomous_vehicle.egg-info/top_level.txt
[4.016s] reading manifest file 'autonomous_vehicle.egg-info/SOURCES.txt'
[4.019s] writing manifest file 'autonomous_vehicle.egg-info/SOURCES.txt'
[4.230s] running build_ext
[4.234s] Creating /home/metasebiya/autonomous_vehicle_ws/install/autonomous_vehicle/lib/python3.10/site-packages/autonomous-vehicle.egg-link (link to .)
[4.235s] Installing path_planning script to /home/metasebiya/autonomous_vehicle_ws/install/autonomous_vehicle/lib/autonomous_vehicle
[4.235s] Installing rcnn_localization script to /home/metasebiya/autonomous_vehicle_ws/install/autonomous_vehicle/lib/autonomous_vehicle
[4.236s] Installing sensor_fusion script to /home/metasebiya/autonomous_vehicle_ws/install/autonomous_vehicle/lib/autonomous_vehicle
[4.236s] Installing simple_control script to /home/metasebiya/autonomous_vehicle_ws/install/autonomous_vehicle/lib/autonomous_vehicle
[4.236s] 
[4.236s] Installed /home/metasebiya/autonomous_vehicle_ws/build/autonomous_vehicle
[4.236s] running symlink_data
[4.408s] Invoked command in '/home/metasebiya/autonomous_vehicle_ws/build/autonomous_vehicle' returned '0': PYTHONPATH=/home/metasebiya/autonomous_vehicle_ws/build/autonomous_vehicle/prefix_override:/usr/lib/python3/dist-packages/colcon_core/task/python/colcon_distutils_commands:/home/metasebiya/autonomous_vehicle_ws/install/autonomous_vehicle/lib/python3.10/site-packages:${PYTHONPATH} /usr/bin/python3 -W ignore:setup.py install is deprecated -W ignore:easy_install command is deprecated setup.py develop --editable --build-directory /home/metasebiya/autonomous_vehicle_ws/build/autonomous_vehicle/build --no-deps symlink_data
